// Jest Snapshot v1, https://goo.gl/fbAQLP

exports[`Not change List User page 1`] = `
<div>
  <div
    className="MuiPaper-root MuiCard-root list-card MuiPaper-elevation1 MuiPaper-rounded"
  >
    <div
      className="MuiCardHeader-root title"
    >
      <div
        className="MuiCardHeader-content"
      >
        <span
          className="MuiTypography-root MuiCardHeader-title MuiTypography-h5 MuiTypography-displayBlock"
        >
          Users
        </span>
      </div>
    </div>
    <div
      className="MuiCardContent-root list-card-content"
    >
      <div
        className="MuiPaper-root MuiTableContainer-root MuiPaper-elevation1 MuiPaper-rounded"
      >
        <table
          aria-label="simple table"
          className="MuiTable-root"
          role={null}
        >
          <thead
            className="MuiTableHead-root"
            role={null}
          >
            <tr
              className="MuiTableRow-root MuiTableRow-head"
              role={null}
            >
              <th
                aria-sort={null}
                className="MuiTableCell-root MuiTableCell-head"
                scope="col"
              >
                Server
              </th>
              <th
                aria-sort={null}
                className="MuiTableCell-root MuiTableCell-head MuiTableCell-alignRight"
                scope="col"
              >
                User ID
              </th>
              <th
                aria-sort={null}
                className="MuiTableCell-root MuiTableCell-head MuiTableCell-alignRight"
                scope="col"
              >
                Username
              </th>
              <th
                aria-sort={null}
                className="MuiTableCell-root MuiTableCell-head MuiTableCell-alignRight"
                scope="col"
              >
                Status
              </th>
            </tr>
          </thead>
          <tbody
            className="MuiTableBody-root"
            role={null}
          >
            <tr
              className="MuiTableRow-root"
              role={null}
            >
              <th
                aria-sort={null}
                className="MuiTableCell-root MuiTableCell-body"
                role="cell"
                scope="row"
              >
                151.11.52.68
              </th>
              <td
                aria-sort={null}
                className="MuiTableCell-root MuiTableCell-body MuiTableCell-alignRight"
              >
                1
              </td>
              <td
                aria-sort={null}
                className="MuiTableCell-root MuiTableCell-body MuiTableCell-alignRight"
              >
                Lou
              </td>
              <td
                aria-sort={null}
                className="MuiTableCell-root MuiTableCell-body MuiTableCell-alignRight"
              >
                ACTIVE
              </td>
            </tr>
            <tr
              className="MuiTableRow-root"
              role={null}
            >
              <th
                aria-sort={null}
                className="MuiTableCell-root MuiTableCell-body"
                role="cell"
                scope="row"
              >
                172.82.64.79
              </th>
              <td
                aria-sort={null}
                className="MuiTableCell-root MuiTableCell-body MuiTableCell-alignRight"
              >
                2
              </td>
              <td
                aria-sort={null}
                className="MuiTableCell-root MuiTableCell-body MuiTableCell-alignRight"
              >
                Marc-Antoine
              </td>
              <td
                aria-sort={null}
                className="MuiTableCell-root MuiTableCell-body MuiTableCell-alignRight"
              >
                ACTIVE
              </td>
            </tr>
          </tbody>
        </table>
      </div>
    </div>
  </div>
</div>
`;
